// Jest Snapshot v1, https://goo.gl/fbAQLP

exports[`<Header /> should match snapshot 1`] = `
<div
  class="sc-bczRLJ OYxqk"
>
  <h1>
    Cadastro de Desenvolvedor
  </h1>
  <p>
    Fa√ßa seu cadastro na lista e receba um emprego instantaneamente
  </p>
</div>
`;
